============================= test session starts =============================
platform win32 -- Python 3.13.9, pytest-9.0.2, pluggy-1.6.0 -- C:\Users\chris\AppData\Local\Microsoft\WindowsApps\PythonSoftwareFoundation.Python.3.13_qbz5n2kfra8p0\python.exe
cachedir: .pytest_cache
PySide6 6.10.1 -- Qt runtime 6.10.1 -- Qt compiled 6.10.1
rootdir: C:\Users\chris\Antigravity Projects\ProjektKraken
configfile: pytest.ini
plugins: anyio-4.12.0, cov-7.0.0, qt-4.5.0
collecting ... collected 2 items

tests/integration/test_temporal_e2e.py::test_entity_state_evolution_over_time PASSED [ 50%]
tests/integration/test_temporal_e2e.py::test_upstream_event_change_propagates PASSED [100%]

============================== 2 passed in 0.19s ==============================
