============================= test session starts =============================
platform win32 -- Python 3.13.12, pytest-9.0.2, pluggy-1.6.0 -- C:\Users\chris\Antigravity Projects\ProjektKraken\.venv\Scripts\python.exe
cachedir: .pytest_cache
PySide6 6.10.1 -- Qt runtime 6.10.1 -- Qt compiled 6.10.1
rootdir: C:\Users\chris\Antigravity Projects\ProjektKraken
configfile: pytest.ini
plugins: anyio-4.12.0, cov-7.0.0, qt-4.5.0
collecting ... collected 0 items / 1 error

=================================== ERRORS ====================================
__________ ERROR collecting tests/unit/test_wiki_text_edit_paint.py ___________
C:\Program Files\WindowsApps\PythonSoftwareFoundation.Python.3.13_3.13.3312.0_x64__qbz5n2kfra8p0\Lib\importlib\__init__.py:88: in import_module
    return _bootstrap._gcd_import(name[level:], package, level)
           ^^^^^^^^^^^^^^^^^^^^^^^^^^^^^^^^^^^^^^^^^^^^^^^^^^^^
<frozen importlib._bootstrap>:1387: in _gcd_import
    ???
<frozen importlib._bootstrap>:1360: in _find_and_load
    ???
<frozen importlib._bootstrap>:1331: in _find_and_load_unlocked
    ???
<frozen importlib._bootstrap>:935: in _load_unlocked
    ???
.venv\Lib\site-packages\_pytest\assertion\rewrite.py:197: in exec_module
    exec(co, module.__dict__)
tests\unit\test_wiki_text_edit_paint.py:10: in <module>
    from src.gui.widgets.wiki_text_edit import WikiTextEdit, SectionData
src\gui\widgets\wiki_text_edit.py:106: in <module>
    class WikiTextEditView(QTextEdit):
src\gui\widgets\wiki_text_edit.py:1145: in WikiTextEditView
    def paintEvent(self, event: QPaintEvent) -> None:
                                ^^^^^^^^^^^
E   NameError: name 'QPaintEvent' is not defined
=========================== short test summary info ===========================
ERROR tests/unit/test_wiki_text_edit_paint.py - NameError: name 'QPaintEvent'...
!!!!!!!!!!!!!!!!!!! Interrupted: 1 error during collection !!!!!!!!!!!!!!!!!!!!
============================== 1 error in 0.17s ===============================
