============================= test session starts =============================
platform win32 -- Python 3.13.14, pytest-9.0.2, pluggy-1.6.0
PySide6 6.10.1 -- Qt runtime 6.10.1 -- Qt compiled 6.10.1
rootdir: C:\Users\chris\VSCodeProjects\ProjektKraken\ProjektKraken
configfile: pytest.ini
testpaths: tests
plugins: anyio-4.14.2, platformdirs-4.12.4, cov-7.0.0, qt-4.5.0
collected 6232 items / 4396 deselected / 1836 selected

tests\cli\test_backup_cli.py .....                                       [  0%]
tests\cli\test_cli_attachment.py ...                                     [  0%]
tests\cli\test_cli_calendar.py ...                                       [  0%]
tests\cli\test_cli_entity.py .....                                       [  0%]
tests\cli\test_cli_event.py .....                                        [  1%]
tests\cli\test_cli_longform.py .....                                     [  1%]
tests\cli\test_cli_map.py ........                                       [  1%]
tests\cli\test_cli_relation.py ....                                      [  2%]
tests\cli\test_graph_cli.py ...                                          [  2%]
tests\cli\test_info_cli.py .                                             [  2%]
tests\cli\test_new_cli.py ...                                            [  2%]
tests\cli\test_obsidian_cli.py ...                                       [  2%]
tests\cli\test_preflight.py .................                            [  3%]
tests\integration\test_demo_world.py .....                               [  3%]
tests\integration\test_wiki_link_return.py .........................     [  5%]
tests\integration\test_world_data_trust.py .................             [  6%]
tests\integration\test_world_migrations.py ............................. [  7%]
.................                                                        [  8%]
tests\packaging\test_windows_package_contract.py .............           [  9%]
tests\security\test_path_traversal.py .....                              [  9%]
tests\unit\core\test_chronology_validation.py .........                  [ 10%]
tests\unit\core\test_date_parser.py .................................... [ 12%]
...........                                                              [ 12%]
tests\unit\core\test_raster_grid.py .                                    [ 12%]
tests\unit\core\test_standalone_date_parser.py ......................... [ 14%]
........................................................................ [ 17%]
....................................................                     [ 20%]
tests\unit\core\test_temporal_uncertainty.py ........................... [ 22%]
                                                                         [ 22%]
tests\unit\repositories\test_entity_repository.py ....                   [ 22%]
tests\unit\services\repositories\test_feature_geometry_repository.py ... [ 22%]
                                                                         [ 22%]
tests\unit\services\repositories\test_trajectory_repository.py ......... [ 23%]
.........                                                                [ 23%]
tests\unit\services\test_backup_service.py ........................      [ 24%]
tests\unit\services\test_backup_wal_trust.py .....                       [ 25%]
tests\unit\services\test_import_date_parsing.py ............             [ 25%]
tests\unit\services\test_import_deduplication.py ........                [ 26%]
tests\unit\services\test_import_feedback.py ...                          [ 26%]
tests\unit\services\test_import_forward_refs.py ...                      [ 26%]
tests\unit\services\test_import_normalization.py ....                    [ 26%]
tests\unit\services\test_language_tool_service.py ...................... [ 28%]
..                                                                       [ 28%]
tests\unit\services\test_markdown_parser.py ............................ [ 29%]
...                                                                      [ 29%]
tests\unit\services\test_obsidian_exporter_enhanced.py .........         [ 30%]
tests\unit\services\test_transfer_pipeline.py ................           [ 31%]
tests\unit\test_asset_store.py .......................ss......           [ 32%]
tests\unit\test_attachment_repository.py .....                           [ 33%]
tests\unit\test_attachment_service.py ...                                [ 33%]
tests\unit\test_backup_config.py ..........                              [ 33%]
tests\unit\test_backup_restore_coordinator.py .........                  [ 34%]
tests\unit\test_calendar.py ............................................ [ 36%]
..                                                                       [ 36%]
tests\unit\test_calendar_commands.py .........                           [ 37%]
tests\unit\test_calendar_context_service.py ......                       [ 37%]
tests\unit\test_calendar_db.py ........                                  [ 38%]
tests\unit\test_calendar_leap.py ........                                [ 38%]
tests\unit\test_choice_wheel.py ........................................ [ 40%]
.....                                                                    [ 41%]
tests\unit\test_chronology_service.py ........                           [ 41%]
tests\unit\test_command_atomicity.py .                                   [ 41%]
tests\unit\test_command_coordinator.py ....................              [ 42%]
tests\unit\test_command_registry.py .....                                [ 42%]
tests\unit\test_complexity_policy.py ................................... [ 44%]
....                                                                     [ 44%]
tests\unit\test_composite_command.py .....                               [ 45%]
tests\unit\test_composite_persistent_undo.py .                           [ 45%]
tests\unit\test_creation_ux.py .............................             [ 46%]
tests\unit\test_db_bulk_operations.py ............................       [ 48%]
tests\unit\test_db_hydration.py ....                                     [ 48%]
tests\unit\test_db_service.py .........                                  [ 49%]
tests\unit\test_deletion_integrity.py ..                                 [ 49%]
tests\unit\test_dependency_contract.py .......                           [ 49%]
tests\unit\test_dependency_direction.py ....................             [ 50%]
tests\unit\test_drag_navigation_mitigation.py ..........                 [ 51%]
tests\unit\test_editor_presentation.py ...                               [ 51%]
tests\unit\test_entities.py ........                                     [ 51%]
tests\unit\test_entity_commands.py ........                              [ 52%]
tests\unit\test_entity_creation_dialog.py .........                      [ 52%]
tests\unit\test_event_chronology_dialog.py ..                            [ 52%]
tests\unit\test_event_commands.py .................                      [ 53%]
tests\unit\test_feature_geometry_commands.py ..                          [ 53%]
tests\unit\test_graph_persistence.py ....                                [ 54%]
tests\unit\test_graph_prepare_helpers.py .................               [ 55%]
tests\unit\test_graph_theme.py .                                         [ 55%]
tests\unit\test_graph_web_view.py .                                      [ 55%]
tests\unit\test_icon_library_commands.py ...........................     [ 56%]
tests\unit\test_icon_library_coordinator.py ...........                  [ 57%]
tests\unit\test_image_commands.py ..                                     [ 57%]
tests\unit\test_import_service.py .............                          [ 58%]
tests\unit\test_incremental_graph.py ......                              [ 58%]
tests\unit\test_inspector_composition.py ............................... [ 60%]
...................                                                      [ 61%]
tests\unit\test_longform_authoring.py ......................             [ 62%]
tests\unit\test_longform_undo_snapshots.py ............................. [ 63%]
....                                                                     [ 64%]
tests\unit\test_lore_mutation_effects.py ..........                      [ 64%]
tests\unit\test_map_commands.py .............                            [ 65%]
tests\unit\test_map_db.py .........                                      [ 65%]
tests\unit\test_map_edit_transition_coordinator.py ..................... [ 66%]
...............                                                          [ 67%]
tests\unit\test_map_feature_actions.py ................................. [ 69%]
.........                                                                [ 70%]
tests\unit\test_map_feature_actions_persistence.py .                     [ 70%]
tests\unit\test_map_inspector_navigation.py ........................     [ 71%]
tests\unit\test_map_layer_view_integration.py .......                    [ 71%]
tests\unit\test_migration_coordinator.py ...                             [ 72%]
tests\unit\test_numeric_wheel.py ..............                          [ 72%]
tests\unit\test_overflow_toolbar.py .                                    [ 72%]
tests\unit\test_persistence_boundary.py ...................              [ 73%]
tests\unit\test_raster_persistence.py ........                           [ 74%]
tests\unit\test_relation_authoring.py .................................. [ 76%]
......                                                                   [ 76%]
tests\unit\test_relation_commands.py .....                               [ 76%]
tests\unit\test_relation_repo_temporal.py ..                             [ 76%]
tests\unit\test_relations_attributes.py ...............                  [ 77%]
tests\unit\test_search_service.py ...........................            [ 79%]
tests\unit\test_search_utils.py ..................                       [ 80%]
tests\unit\test_splitter_tab_inspector.py .....                          [ 80%]
tests\unit\test_temporal_authoring.py ....................               [ 81%]
tests\unit\test_temporal_db_schema.py ...                                [ 81%]
tests\unit\test_temporal_display.py ...................................  [ 83%]
tests\unit\test_temporal_entity_edit_command.py .......                  [ 83%]
tests\unit\test_temporal_precision_roundtrip.py ........                 [ 84%]
tests\unit\test_temporal_resolver.py .........                           [ 84%]
tests\unit\test_temporal_save_checkpoint.py ............................ [ 86%]
.......                                                                  [ 86%]
tests\unit\test_test_policy.py .............                             [ 87%]
tests\unit\test_time_coordinator.py ...                                  [ 87%]
tests\unit\test_timeline_calendar_boundaries.py ........................ [ 88%]
................                                                         [ 89%]
tests\unit\test_timeline_grouping_commands.py ..............             [ 90%]
tests\unit\test_timeline_presentation.py ............................    [ 92%]
tests\unit\test_trajectory_commands.py .....                             [ 92%]
tests\unit\test_trajectory_edit_shortcuts.py ...                         [ 92%]
tests\unit\test_visual_presentation.py ........                          [ 92%]
tests\unit\test_visual_roles.py ...................                      [ 94%]
tests\unit\test_webserver_security.py .......                            [ 94%]
tests\unit\test_wiki_commands.py .....                                   [ 94%]
tests\unit\test_wiki_link_authoring.py .............................     [ 96%]
tests\unit\test_worker_world_storage.py ...                              [ 96%]
tests\unit\test_world.py ......................................          [ 98%]
tests\unit\test_world_validator.py ............................          [100%]

============================== warnings summary ===============================
.venv\Lib\site-packages\fastapi\testclient.py:1
  C:\Users\chris\VSCodeProjects\ProjektKraken\ProjektKraken\.venv\Lib\site-packages\fastapi\testclient.py:1: StarletteDeprecationWarning: Using `httpx` with `starlette.testclient` is deprecated; install `httpx2` instead.
    from starlette.testclient import TestClient as TestClient  # noqa

-- Docs: https://docs.pytest.org/en/stable/how-to/capture-warnings.html
=== 1834 passed, 2 skipped, 4396 deselected, 1 warning in 112.13s (0:01:52) ===
